<?xml version="1.0" encoding="UTF-8"?>
<testsuites
  name="Assignment Portal"
  tests="3"
  failures="0"
  errors="0"
>
  <testsuite
    name="Assignment Portal Tests"
    tests="3"
    failures="0"
    errors="0"
  >

    <testcase
      name="Splash Screen Test"
      classname="Assignment Portal"
    />

    <testcase
      name="Login Page Test"
      classname="Assignment Portal"
    />

    <testcase
      name="Register Page Test"
      classname="Assignment Portal"
    />
  </testsuite>
</testsuites>
